// Jest Snapshot v1, https://goo.gl/fbAQLP

exports[`Given a BookCard component When it recives and object then it should render a card with the object info inside 1`] = `
<li
  className="card"
>
  <div>
    <img
      alt="Harry"
      className="card__image"
      height="210"
      src="https://pbs.twimg.com/profile_images/3604358312/e784593ed966bc42476eab53261b8b09_400x400.jpeg"
      width="150"
    />
    <div
      className="card__content"
    >
      <h3
        className="card__title"
      >
        Harry
      </h3>
      <p
        className="card__author"
      >
         
        Potter
         
      </p>
       
      <p
        className="card__price"
      >
         
        0.00â‚¬
         
      </p>
    </div>
  </div>
  <button
    className="btn button btn-warning card__fav-button"
    disabled={false}
    onClick={[Function]}
  >
    Add to Favs
  </button>
</li>
`;
